GLIBC_2.0 {
  global:
    __sigaction;
    _IO_adjust_column; _IO_clearerr; _IO_default_doallocate;
    _IO_default_finish; _IO_default_pbackfail; _IO_default_uflow;
    _IO_default_xsgetn; _IO_default_xsputn; _IO_do_write;
    _IO_doallocbuf; _IO_fclose; _IO_fdopen; _IO_feof; _IO_ferror;
    _IO_fflush; _IO_fgetc; _IO_fgetpos; _IO_fgets; _IO_file_attach;
    _IO_file_close; _IO_file_close_it; _IO_file_doallocate;
    _IO_file_fopen; _IO_file_init; _IO_file_jumps; _IO_file_open;
    _IO_file_overflow; _IO_file_read; _IO_file_seek; _IO_file_seekoff;
    _IO_file_setbuf; _IO_file_stat; _IO_file_sync; _IO_file_underflow;
    _IO_file_write; _IO_file_xsputn; _IO_fileno; _IO_flockfile;
    _IO_flush_all; _IO_flush_all_linebuffered; _IO_fopen; _IO_fprintf;
    _IO_fputs; _IO_fread; _IO_free_backup_area; _IO_freopen;
    _IO_fscanf; _IO_fseek; _IO_fsetpos; _IO_ftell; _IO_ftrylockfile;
    _IO_funlockfile; _IO_fwrite; _IO_getc; _IO_getline; _IO_gets;
    _IO_getc; _IO_peekc_unlocked; _IO_putc; _IO_feof; _IO_ferror;
    _IO_init; _IO_init_marker; _IO_link_in; _IO_marker_delta;
    _IO_list_all; _IO_stderr_; _IO_stdin_; _IO_stdout_;
    _IO_marker_difference; _IO_padn; _IO_pclose; _IO_peekc_locked;
    _IO_perror; _IO_popen; _IO_printf; _IO_proc_close; _IO_proc_open;
    _IO_putc; _IO_puts; _IO_remove_marker; _IO_rewind; _IO_scanf;
    _IO_seekmark; _IO_seekoff; _IO_seekpos; _IO_setb; _IO_setbuf;
    _IO_setbuffer; _IO_setlinebuf; _IO_setvbuf; _IO_sgetn;
    _IO_sprintf; _IO_sputbackc; _IO_sscanf; _IO_str_init_readonly;
    _IO_str_init_static; _IO_str_overflow; _IO_str_pbackfail;
    _IO_str_seekoff; _IO_str_underflow; _IO_sungetc;
    _IO_switch_to_get_mode; _IO_un_link; _IO_ungetc;
    _IO_unsave_markers; _IO_vfprintf; _IO_vfscanf; _IO_vsprintf;
    ___brk_addr; __curbrk; __progname; __progname_full;
    __adjtimex;
    __argz_count; __argz_stringify; __argz_next;
    __assert_fail; __assert_perror_fail;
    __bsd_getpgrp; __setpgid; __getpgid;
    __bzero; __strtok_r;
    __clone;
    __cmsg_nxthdr;
    __collate_element_hash; __collate_element_strings;
    __collate_symbol_classes; __collate_symbol_hash; __collate_symbol_strings;
    __connect; __send;
    __ctype_b; __ctype32_b; __ctype_tolower; __ctype_toupper;
    __ctype_get_mb_cur_max;
    __dcgettext;
    __dgettext;
    __dup2; __pipe;
    __environ; _environ;
    __errno_location;
    __ffs;
    __fpu_control;
    __getdelim;
    __gmtime_r; __gettimeofday;
    __h_errno_location;
    __internal_endnetgrent; __internal_getnetgrent_r;
    __internal_setnetgrent;
    __isinf; __isinff; __isinfl;
    __isnan; __isnanf; __isnanl; __finite; __finitef; __finitel;
    __iswctype;
    __ivaliduser; __check_rhosts_file; __rcmd_errstr;
    __libc_accept; __libc_send; __libc_recvfrom;
    __libc_calloc; __libc_free; __libc_mallinfo; __libc_malloc;
    __libc_fsync; __libc_msync;
    __libc_init_first; __libc_start_main;
    __libc_internal_tsd_get; __libc_internal_tsd_set;
    __libc_lseek; __libc_fcntl;
    __libc_mallopt; __libc_memalign; __libc_pvalloc; __libc_realloc;
    __libc_open; __libc_close; __libc_read; __libc_write;
    __libc_recvmsg; __libc_sendmsg; __libc_recv; __libc_sendto; __libc_connect;
    __libc_system;
    __libc_tcdrain;
    __libc_valloc;
    __libc_wait; __libc_waitpid; __libc_pause; __libc_nanosleep;
    __lseek; __open; __read;
    __malloc_initialize_hook; __free_hook; __malloc_hook; __realloc_hook;
    __malloc_initialized; __default_morecore; __morecore;
    __memalign_hook; __after_morecore_hook;
    __monstartup; _mcleanup; __profile_frequency;
    __nss_database_lookup; __nss_configure_lookup;
    __nss_passwd_lookup; __nss_group_lookup; __nss_hosts_lookup; __nss_next;
    __open_catalog;
    __printf_fp; __vfscanf;
    __register_frame; __register_frame_table; __deregister_frame;
    __register_frame_info; __deregister_frame_info; __frame_state_for;
    __register_frame_info_table;
    __res_randomid;
    __sbrk; __getpagesize;
    __sched_get_priority_max; __sched_get_priority_min;
    __sched_getparam; __sched_getscheduler; __sched_setscheduler;
    __sched_yield; __fork; __getpid; __wait;
    __secure_getenv; __on_exit;
    __select;
    __sigaddset; __sigdelset; __sigismember; __sysv_signal;
    __sigpause;
    __stpncpy; __stpcpy; __strdup; __mempcpy; __strcasecmp; __strerror_r;
    __strto*_internal;
    __timezone; __daylight; __tzname;
    __uflow; __underflow; __overflow;
    __vsscanf; __vsnprintf;
    __waitpid;
    __wcsto*_internal; __mbrlen; __mbrtowc;
    __xpg_basename;
    __xstat; __fxstat; __lxstat; __xmknod; __write; __close; __fcntl;
    _dl_open; _dl_close; _dl_addr;
    _errno;
    _exit;
    _flush_cache;
    _h_errno; _res;
    _itoa_lower_digits; _itoa_upper_digits; _sys_errlist; _sys_nerr;
    _libc_intl_domainname; _nl_current_LC_COLLATE; _nl_current_LC_CTYPE;
    _longjmp; __sigsetjmp; _setjmp;
    _mcount;
    _nl_msg_cat_cntr; _nl_default_dirname; _nl_domain_bindings;
    _nss_files_parse_grent; _nss_files_parse_pwent; _nss_files_parse_spent;
    _null_auth;
    _obstack;
    _obstack_allocated_p; _obstack_begin; _obstack_begin_1;
    _obstack_free; _obstack_memory_used; _obstack_newchunk;
    _rpc_dtablesize; _seterr_reply;
    _sys_siglist;
    _tolower; _toupper;
    a64l; abort; abs; atexit; atof; atoi; atol; atoll;
    accept;
    access;
    acct; addmntent; advance;
    adjtime; adjtimex; asctime; asctime_r;
    alarm;
    alphasort;
    argz_add; argz_add_sep; argz_append; argz_count; argz_create;
    argz_create_sep; argz_delete; argz_extract; argz_insert; argz_next;
    argz_replace; argz_stringify;
    asprintf;
    authnone_create; authunix_create; authunix_create_default;
    basename; bcmp; bcopy; bzero;
    bdflush;
    bind;
    bindresvport;
    bindtextdomain;
    brk;
    bsd_signal;
    bsearch;
    btowc;
    cachectl; cacheflush;
    calloc; cfree;
    callrpc;
    canonicalize_file_name; clearenv;
    catclose; catgets; catopen;
    cfgetispeed; cfgetospeed; cfmakeraw; cfsetispeed; cfsetospeed; cfsetspeed;
    chdir; chmod; chown; close; creat;
    chflags; chroot; closelog;
    clearerr; clearerr_unlocked;
    clnt_broadcast; clnt_create; clnt_pcreateerror; clnt_perrno;
    clnt_perror; clnt_spcreateerror; clnt_sperrno; clnt_sperror;
    clntraw_create; clnttcp_create; clntudp_bufcreate; clntudp_create;
    clock; ctime; ctime_r;
    clone; create_module;
    closedir;
    confstr;
    connect;
    copysign; copysignf; copysignl;
    ctermid; cuserid;
    daemon; dirname;
    daylight; timezone; tzname;
    dcgettext; dgettext; gettext;
    delete_module;
    difftime; dysize;
    dirfd;
    div; drand48; drand48_r;
    dprintf;
    dup; dup2;
    ecvt; ecvt_r; endfsent; endmntent; endttyent; endusershell;
    endaliasent; endhostent; endnetent; endnetgrent; endprotoent; endrpcent;
    endgrent;
    endpwent;
    endservent;
    endspent;
    endutent;
    environ; optarg; opterr; optind; optopt;
    envz_add; envz_entry; envz_get; envz_merge; envz_remove;
    envz_strip;
    erand48; erand48_r; exit;
    err; error; error_at_line; errx;
    errno;
    error_message_count; error_one_per_line; error_print_progname;
    ether_aton; ether_aton_r; ether_hostton; ether_line; ether_ntoa;
    ether_ntoa_r; ether_ntohost;
    euidaccess;
    execl; execle; execlp; execv; execve; execvp; fexecve;
    fchdir; fchmod; fchown; fcntl; flock; fstatfs; fts_children; fts_close;
    fchflags; fcvt; fcvt_r; fdatasync; fsync; ftruncate;
    fclose; fcloseall; fdopen; feof; feof_locked; feof_unlocked; ferror;
    ferror_locked; ferror_unlocked; fflush; fflush_locked; fflush_unlocked;
    ffs;
    fgetc; fgetpos; fgets; fileno; fileno_locked; fileno_unlocked;
    fgetgrent; fgetgrent_r;
    fgetpwent; fgetpwent_r;
    fgetspent; fgetspent_r;
    finite; finitef; finitel; frexp; frexpf; frexpl;
    flockfile; fprintf; fscanf; ftrylockfile; funlockfile;
    fnmatch; fork; fpathconf; freeaddrinfo;
    fopen; fopencookie; fputc; fputc_locked; fputc_unlocked; fputs;
    fread; freopen; fseek; fsetpos; ftell; fwrite;
    free;
    ftime;
    ftok;
    fts_open; fts_read; fts_set; ftw;
    gcvt; get_avphys_pages; get_nprocs; get_nprocs_conf; get_phys_pages;
    get_current_dir_name; getcwd; getwd;
    get_kernel_syms; getresgid; getresuid;
    get_myaddress; getpublickey; getsecretkey;
    getaddrinfo; getdtablesize; getegid; geteuid; getgid; getopt; getopt_long;
    getaliasbyname; getaliasbyname_r; getaliasent; getaliasent_r;
    getc; getc_locked; getc_unlocked; getchar; getchar_unlocked; getdelim;
    getdirentries;
    getdomainname; gethostbyaddr; gethostbyaddr_r; gethostbyname;
    getenv; getsubopt;
    getfsent; getfsfile; getfsspec; gethostid; gethostname; getmntent;
    getgrent; getgrent_r; getgrgid; getgrgid_r; getgrnam; getgrnam_r;
    getgroups;
    gethostbyname2; gethostbyname2_r; gethostbyname_r; gethostent;
    gethostent_r; getnetbyaddr; getnetbyaddr_r; getnetbyname;
    getitimer; gettimeofday; gmtime; gmtime_r;
    getline; getw;
    getlogin; getlogin_r; getutent; getutent_r; getutid; getutid_r; getutline;
    getmntent_r; getpagesize; getpass; getttyent; getttynam; getusershell;
    getnetbyname_r; getnetent; getnetent_r; getnetgrent; getnetgrent_r;
    getopt_long_only; getpgid; getpgrp; getpid; getppid; getsid; getuid; glob;
    getpeername; getsockname; getsockopt;
    getpriority; getrlimit; getrusage;
    getprotobyname; getprotobyname_r; getprotobynumber;
    getprotobynumber_r; getprotoent; getprotoent_r; getrpcbyname;
    getpw; getpwent; getpwent_r; getpwnam; getpwnam_r; getpwuid; getpwuid_r;
    getrpcbyname_r; getrpcbynumber; getrpcbynumber_r; getrpcent; getrpcent_r;
    getrpcport; getservbyname; getservbyname_r; getservbyport;
    gets;
    getservbyport_r; getservent; getservent_r;
    getspent; getspent_r; getspnam; getspnam_r;
    getutline_r;
    glob_pattern_p; globfree; group_member;
    gsignal;
    gtty;
    h_errlist; h_errno; h_nerr;
    hasmntopt; hcreate; hcreate_r; hdestroy; hdestroy_r; hsearch; hsearch_r;
    herror; hstrerror;
    htonl; htons;
    index;
    inet_addr; inet_aton; inet_lnaof; inet_makeaddr; inet_netof; inet_network;
    inet_nsap_addr; inet_nsap_ntoa; inet_ntoa; inet_ntop; inet_pton; innetgr;
    init_module;
    initgroups;
    initstate; initstate_r;
    insque; ioctl;
    iruserok;
    isalnum; isalpha; isascii; isblank; iscntrl; isdigit; isgraph; islower;
    isatty;
    isfdtype;
    isinf; isinff; isinfl; isnan; isnanf; isnanl; ldexp; ldexpf; ldexpl;
    isprint; ispunct; isspace; isupper; isxdigit;
    iswalnum; iswalpha; iswcntrl; iswctype; iswdigit; iswgraph; iswlower;
    iswprint; iswpunct; iswspace; iswupper; iswxdigit;
    jrand48; jrand48_r; lfind; lsearch;
    kill; killpg;
    klogctl;
    l64a; labs; lcong48; lcong48_r; ldiv; llabs; lldiv; lrand48; lrand48_r;
    lchown; link; lockf; lseek;
    lckpwdf;
    listen;
    llseek;
    loc1; loc2; locs;
    localeconv;
    localtime; localtime_r;
    longjmp;
    madvise; mkstemp; mktemp; mlock; mlockall; mmap; mount; mprotect; msync;
    mallinfo; malloc; malloc_get_state; malloc_set_state; malloc_stats;
    malloc_trim; malloc_usable_size; mallopt; memalign; mprobe; mtrace;
    mallwatch; obstack_alloc_failed_handler; obstack_exit_failure;
    mblen; mbrlen; mbrtowc; mbsinit; mbsnrtowcs; mbsrtowcs; mbstowcs;
    mbtowc; mcheck; mcount; mrand48; mrand48_r;
    memccpy; memchr; memcmp; memcpy; memfrob; memmem; memmove; memset;
    mkdir; mkfifo;
    mktime;
    modf; modff; modfl;
    monstartup;
    mremap;
    msgctl; msgget; msgrcv; msgsnd;
    munlock; munlockall; munmap;
    muntrace;
    nanosleep;
    nfsservctl;
    nice;
    nl_langinfo;
    nrand48; nrand48_r;
    ntohl; ntohs;
    obstack_free;
    on_exit;
    open;
    open_memstream; open_obstack_stream; obstack_printf; obstack_vprintf;
    opendir;
    openlog;
    parse_printf_format; perror; printf; putw;
    pathconf; pause; pselect;
    pclose; popen; putc; putc_locked; putc_unlocked; putchar;
    personality; prctl;
    pipe; poll;
    pmap_getmaps; pmap_getport; pmap_rmtcall; pmap_set; pmap_unset;
    profil; profil_counter;
    program_invocation_name; program_invocation_short_name;
    psignal;
    pthread_attr_destroy; pthread_attr_getdetachstate;
    pthread_attr_getinheritsched; pthread_attr_getschedparam;
    pthread_attr_getschedpolicy; pthread_attr_getscope; pthread_attr_init;
    pthread_attr_setdetachstate; pthread_attr_setinheritsched;
    pthread_attr_setschedparam; pthread_attr_setschedpolicy;
    pthread_attr_setscope; pthread_cond_broadcast; pthread_cond_destroy;
    pthread_cond_init; pthread_cond_signal; pthread_cond_wait;
    pthread_condattr_destroy; pthread_condattr_init; pthread_equal;
    pthread_exit; pthread_getschedparam; pthread_mutex_destroy;
    pthread_mutex_init; pthread_mutex_lock; pthread_mutex_unlock;
    pthread_mutexattr_getkind_np; pthread_mutexattr_setkind_np;
    pthread_self; pthread_setcancelstate; pthread_setcanceltype;
    pthread_setschedparam;
    ptrace;
    putchar_unlocked; puts;
    putenv;
    putpwent; setpwent;
    putspent;
    pututline;
    pvalloc;
    qecvt; qecvt_r; qfcvt; qfcvt_r; qgcvt;
    qsort;
    query_module; quotactl;
    raise;
    rand; rand_r; random; random_r; realpath; rpmatch;
    rcmd; rexec; rresvport; ruserok; ruserpass;
    re_comp; re_compile_fastmap; re_compile_pattern; re_exec; re_match;
    re_match_2; re_search; re_search_2; re_set_registers; re_set_syntax;
    re_max_failures; re_syntax_options;
    read; readlink; rmdir;
    readdir; readdir_r; rewinddir;
    readv; reboot; remque; revoke;
    realloc;
    recv; recvfrom; recvmsg;
    regcomp; regerror; regexec; regfree;
    register_printf_function; remove; rename;
    registerrpc;
    res_init;
    rewind;
    rexecoptions;
    rindex;
    rpc_createerr; svc_fdset; svcauthdes_stats;
    sbrk; select; setdomainname; setfsent; sethostent; sethostid; sethostname;
    scalbn; scalbnf; scalbnl;
    scandir; seekdir;
    scanf; snprintf; sprintf; sscanf;
    sched_get_priority_max; sched_get_priority_min; sched_getparam;
    sched_getscheduler; sched_rr_get_interval; sched_setparam;
    sched_setscheduler; sched_yield; setegid; seteuid; setgid; setlogin;
    seed48; seed48_r; setcontext; setenv; setstate; setstate_r; srand; srand48;
    semctl; semget; semop; shmat; shmctl; shmdt; shmget;
    send; sendmsg; sendto; setsockopt; shutdown; socket; socketpair;
    setaliasent; setnetent; setnetgrent; setprotoent; setrpcent; setservent;
    setbuf; setbuffer; setlinebuf; setvbuf;
    setfsgid; setfsuid;
    setgrent; setgroups;
    setitimer; settimeofday; stime; strftime; strptime;
    setjmp;
    setlocale;
    setlogmask; setmntent; setregid; setreuid; setttyent; setusershell; sstk;
    setpgid; setpgrp; setsid; setuid; sleep; sysconf;
    setpriority; setrlimit;
    setresgid; setresuid; swapoff; swapon; sysctl;
    setspent;
    setutent;
    sgetspent; sgetspent_r;
    sigaction; sigaddset; sigaltstack; sigandset; sigblock; sigdelset;
    sigemptyset; sigfillset; siggetmask; siginterrupt; sigisemptyset;
    sigismember; siglongjmp; signal; sigorset; sigpause; sigpending;
    sigprocmask; sigreturn; sigsetmask; sigstack; sigsuspend; sigvec;
    sigwait; ssignal;
    srand48_r; srandom; srandom_r; step; strfmon; strtod; strtof; strtol;
    statfs; symlink;
    stderr; stdin; stdout;
    stpcpy; stpncpy; strcasecmp; strcat; strchr; strcmp; strcoll; strcpy;
    strcspn; strdup; strerror; strerror_r; strfry; strlen; strncasecmp;
    strncat; strncmp; strncpy; strndup; strnlen; strpbrk; strrchr; strsep;
    strsignal; strspn; strstr; strtok; strtok_r; strxfrm; swab;
    strtold; strtoll; strtoq; strtoul; strtoull; strtouq; system;
    stty; sync; syscall; syslog;
    svc_exit; svc_getreq; svc_getreqset; svc_register; svc_run;
    svc_sendreply; svc_unregister; svcerr_auth; svcerr_decode;
    svcerr_noproc; svcerr_noprog; svcerr_progvers; svcerr_systemerr;
    svcerr_weakauth; svcfd_create; svcraw_create; svctcp_create;
    svcudp_bufcreate; svcudp_create; svcudp_enablecache;
    sys_errlist; sys_nerr; sys_sigabbrev; sys_siglist;
    sysinfo;
    sysmips;
    tcdrain; tcflow; tcflush; tcgetattr; tcgetpgrp; tcsendbreak; tcsetattr;
    tcsetpgrp;
    tdelete; tfind; truncate; tsearch; ttyslot; twalk;
    telldir;
    tempnam; tmpfile; tmpnam; tmpnam_r;
    textdomain;
    time; timegm; timelocal; tzset;
    times;
    toascii; tolower; toupper;
    towctrans; towlower; towupper;
    tr_break;
    ttyname; ttyname_r;
    ualarm; usleep; ustat; utimes;
    ulckpwdf;
    ulimit;
    umask; unlink; utime;
    umount; uselib;
    uname;
    ungetc;
    unsetenv;
    updwtmp; utmpname;
    valloc;
    vasprintf; vdprintf; vscanf; vsnprintf; vsprintf; vsscanf;
    verr; verrx; vhangup; vsyslog; vwarn; vwarnx;
    vfork;
    vfprintf; vfscanf; vprintf;
    vlimit; vtimes;
    wait; wait3; wait4; waitpid;
    warn; warnx;
    wcpcpy; wcpncpy; wcrtomb; wcscat; wcschr; wcscmp; wcscoll;
    wcscpy; wcscspn; wcsdup; wcslen; wcsncat; wcsncmp;
    wcsncpy; wcsnrtombs; wcspbrk; wcsrchr; wcsrtombs; wcsspn; wcsstr;
    wcstod; wcstof; wcstok; wcstol; wcstold; wcstoq; wcstoul;
    wcstombs; wctomb;
    wcstouq; wcswidth; wcsxfrm; wctob;
    wctrans; wctype; wcwidth;
    wmemchr; wmemcmp; wmemcpy; wmemmove; wmemset;
    write;
    writev;
    xdr_accepted_reply; xdr_array; xdr_authunix_parms; xdr_bool; xdr_bytes;
    xdr_callhdr; xdr_callmsg; xdr_char; xdr_cryptkeyarg; xdr_cryptkeyarg2;
    xdr_cryptkeyres; xdr_des_block; xdr_double; xdr_enum; xdr_float;
    xdr_free; xdr_int; xdr_key_netstarg; xdr_key_netstres; xdr_keybuf;
    xdr_keystatus; xdr_long; xdr_netobj; xdr_opaque; xdr_opaque_auth;
    xdr_pmap; xdr_pmaplist; xdr_pointer; xdr_reference; xdr_rejected_reply;
    xdr_replymsg; xdr_rmtcall_args; xdr_rmtcallres; xdr_short; xdr_string;
    xdr_u_char; xdr_u_int; xdr_u_long; xdr_u_short; xdr_union; xdr_vector;
    xdr_void; xdr_wrapstring; xdrmem_create; xdrrec_create;
    xdrrec_endofrecord; xdrrec_eof; xdrrec_skiprecord; xdrstdio_create;
    xencrypt; xprt_register; xprt_unregister;
  local:
    *;
};
GLIBC_2.2 {
  global:
    _Exit;
    _IO_2_1_stdin_; _IO_2_1_stdout_; _IO_2_1_stderr_;
    _IO_adjust_wcolumn; _IO_free_wbackup_area; _IO_init_wmarker;
    _IO_do_write; _IO_file_attach; _IO_file_close_it; _IO_file_finish;
    _IO_fclose; _IO_fopen; _IO_fdopen; _IO_popen; __asprintf;
    _IO_fgetpos; _IO_fgetpos64; _IO_fsetpos; _IO_fsetpos64;
    _IO_file_fopen; _IO_file_init; _IO_file_overflow; _IO_file_seekoff;
    _IO_file_setbuf; _IO_file_sync; _IO_file_underflow;
    _IO_file_write; _IO_file_xsputn; _IO_proc_open; _IO_proc_close;
    _IO_getline_info;
    _IO_iter_begin; _IO_iter_end; _IO_iter_next; _IO_iter_file;
    _IO_least_wmarker; _IO_seekwmark; _IO_sputbackwc; _IO_sungetwc;
    _IO_list_lock; _IO_list_unlock; _IO_list_resetlock;
    _IO_switch_to_main_wget_area; _IO_switch_to_wbackup_area;
    _IO_switch_to_wget_mode; _IO_unsave_wmarkers; _IO_wdefault_doallocate;
    _IO_wdefault_finish; _IO_wdefault_pbackfail; _IO_wdefault_setbuf;
    _IO_wdefault_uflow; _IO_wdefault_xsgetn; _IO_wdefault_xsputn;
    _IO_wdo_write; _IO_wfile_jumps; _IO_wfile_overflow; _IO_wfile_seekoff;
    _IO_wdoallocbuf; _IO_wmarker_delta; _IO_wsetb; __woverflow; __wuflow;
    _IO_wfile_setbuf; _IO_wfile_sync; _IO_wfile_underflow; _IO_wfile_xsputn;
    __assert;
    __backtrace; __backtrace_symbols; __backtrace_symbols_fd;
    __ctype32_tolower; __ctype32_toupper;
    __cxa_atexit; __cxa_finalize;
    __cyg_profile_func_enter; __cyg_profile_func_exit;
    __dcngettext;
    __endmntent; __getmntent_r; __setmntent; __statfs; __libc_sigaction;
    __fbufsize; __freading; __fwriting; __freadable; __fwritable; __flbf;
    __fpurge; __fpending; __fsetlocking; _flushlbf;
    __gconv_alias_db; __gconv_modules_db;
    __isalnum_l; __isalpha_l; __isascii_l; __isblank_l; __iscntrl_l;
    __isdigit_l; __isgraph_l; __islower_l; __isprint_l; __ispunct_l;
    __isspace_l; __isupper_l; __iswalnum_l; __iswalpha_l; __iswblank_l;
    __iswcntrl_l; __iswctype_l; __iswdigit_l; __iswgraph_l; __iswlower_l;
    __iswprint_l; __iswpunct_l; __iswspace_l; __iswupper_l; __iswxdigit_l;
    __isxdigit_l; __strcasecmp_l; __strcoll_l; __strfmon_l; __strncasecmp_l;
    __key_decryptsession_pk_LOCAL; __key_encryptsession_pk_LOCAL;
    __key_gendes_LOCAL;
    __libc_current_sigrtmin; __libc_current_sigrtmax; __libc_allocate_rtsig;
    __libc_fork; __vfork;
    __libc_freeres;
    __libc_longjmp; __libc_siglongjmp;
    __libc_open64; __libc_lseek64;
    __libc_pread; __libc_pread64; __libc_pwrite; __libc_pwrite64;
    __libc_sa_len;
    __mempcpy_small; __stpcpy_small; __strcspn_c1; __strcspn_c2; __strcspn_c3;
    __newlocale; __duplocale; __freelocale;
    __nl_langinfo_l;
    __open64;
    __pread64; __pwrite64;
    __rawmemchr; __strcasestr;
    __res_state; __res_init; __res_nclose; __res_ninit; _res_hconf;
    __signbit; __signbitf; __signbitl;
    __sigsuspend;
    __strcpy_small; __strspn_c1; __strspn_c2; __strspn_c3; __strpbrk_c2;
    __strndup;
    __strpbrk_c3; __strsep_1c; __strsep_2c; __strsep_3c; __strsep_g;
    __strtod_l; __strtof_l; __strtol_l; __strtold_l; __strtoll_l; __strtoul_l;
    __strtok_r_1c;
    __strtoull_l; __strxfrm_l; __toascii_l; __tolower_l; __toupper_l;
    __syscall_rt_sigqueueinfo;
    __sysconf;
    __sysctl;
    __towctrans;
    __towctrans_l; __towlower_l; __towupper_l; __wcscasecmp_l; __wcscoll_l;
    __wcsncasecmp_l; __wcstod_l; __wcstof_l; __wcstol_l; __wcstold_l;
    __wcstoll_l; __wcstoul_l; __wcstoull_l; __wcsxfrm_l; __wctype_l;
    __wctrans_l;
    __wunderflow;
    __xpg_sigpause;
    __xstat64; __fxstat64; __lxstat64; __poll;
    _argp_unlock_xxx;
    _authenticate;
    _dl_init_first;
    _dl_mcount_wrapper; _dl_mcount_wrapper_check;
    _dl_sym; _dl_vsym;
    _sys_errlist; sys_errlist; _sys_nerr; sys_nerr;
    _sys_siglist; sys_siglist; sys_sigabbrev;
    _test_and_set;
    addseverity;
    alphasort64;
    argp_err_exit_status; argp_program_bug_address; argp_program_version;
    argp_error; argp_failure; argp_help; argp_parse; argp_state_help;
    argp_program_version_hook;
    argp_usage;
    authdes_create; authdes_getucred; authdes_pk_create;
    backtrace; backtrace_symbols; backtrace_symbols_fd;
    bind_textdomain_codeset;
    capget; capset;
    cbc_crypt; clntunix_create;
    chown;
    creat64;
    dcngettext; dngettext;
    des_setparity;
    ecb_crypt;
    endutxent;
    fattach; fdetach;
    ffsl; ffsll;
    fgetpos64; fopen64; freopen64; fseeko; fseeko64; fsetpos64; ftello;
    fgetpos; fgetpos64; fgetwc; fgetwc_unlocked; fgetws; fgetws_unlocked;
    fgets_unlocked; fputs_unlocked; fgetc_unlocked;
    fmtmsg;
    fputwc; fputwc_unlocked; fputws; fputws_unlocked; fsetpos; fsetpos64;
    fstatfs64; fstatvfs; fstatvfs64; ftw64;
    ftello64; fopen; fclose; fdopen; fread_unlocked; fwrite_unlocked;
    ftruncate64;
    fwide; fwprintf; fwscanf; fopencookie; fmemopen;
    gai_strerror; getnameinfo; glob64; globfree64;
    getaliasbyname_r; getaliasent_r; gethostbyaddr_r; gethostbyname2_r;
    getcontext;
    getdate; getdate_r;
    getdate_err;
    getdirentries64;
    getgrent_r; getgrgid_r; getgrnam_r;
    gethostbyname_r; gethostent_r; getnetbyaddr_r; getnetbyname_r;
    getloadavg;
    getmsg; getpmsg;
    getnetent_r; getnetgrent_r; getprotobyname_r; getprotobynumber_r;
    getnetname;
    getprotoent_r; getrpcbyname_r; getrpcbynumber_r; getrpcent_r;
    getpt; getutxent; getutxid; getutxline; grantpt;
    getpwent_r; getpwuid_r; getpwnam_r;
    getrlimit64;
    getservbyname_r;
    getspent_r; getspnam_r;
    getutmpx; getutmp;
    getwc; getwc_unlocked; getwchar; getwchar_unlocked;
    gnu_get_libc_release; gnu_get_libc_version;
    host2netname;
    iconv_open; iconv; iconv_close;
    if_freenameindex; if_indextoname; if_nameindex; if_nametoindex;
    imaxabs; imaxdiv;
    in6addr_any; in6addr_loopback;
    iruserok_af;
    isastream;
    iswblank;
    key_decryptsession; key_decryptsession_pk; key_encryptsession;
    key_encryptsession_pk; key_gendes; key_get_conv; key_secretkey_is_set;
    key_setnet; key_setsecret;
    localeconv;
    lockf64; lseek64;
    makecontext;
    mcheck_check_all; mcheck_pedantic;
    mempcpy;
    memrchr;
    mincore; mkdtemp; mkstemp64;
    mmap64;
    moncontrol;
    netname2host; netname2user;
    nftw; nftw64;
    ngettext;
    ntp_adjtime; ntp_gettime;
    open64;
    passwd2des;
    pclose; popen;
    posix_fadvise; posix_fadvise64; posix_fallocate; posix_fallocate64;
    posix_madvise;
    posix_memalign;
    posix_spawn; posix_spawnp; posix_spawnattr_getschedpolicy;
    posix_spawn_file_actions_addclose; posix_spawn_file_actions_addopen;
    posix_spawn_file_actions_adddup2;
    posix_spawn_file_actions_init; posix_spawn_file_actions_destroy;
    posix_spawnattr_getflags; posix_spawnattr_setflags;
    posix_spawnattr_getpgroup; posix_spawnattr_setpgroup;
    posix_spawnattr_getsigdefault; posix_spawnattr_setsigdefault;
    posix_spawnattr_init; posix_spawnattr_destroy;
    posix_spawnattr_setschedparam;
    posix_spawnattr_setschedpolicy; posix_spawnattr_getschedparam;
    posix_spawnattr_setsigmask; posix_spawnattr_getsigmask;
    pread; pread64; pwrite; pwrite64;
    printf_size; printf_size_info;
    pthread_attr_init;
    pthread_attr_init;
    ptsname; ptsname_r; pututxline;
    putgrent;
    putmsg; putpmsg;
    putwc; putwc_unlocked; putwchar; putwchar_unlocked;
    rawmemchr;
    rcmd_af; rexec_af; rresvport_af; ruserok_af;
    readdir64; readdir64_r;
    rtime;
    scalbln; scalblnf; scalblnl;
    scandir64;
    semctl; shmctl; msgctl;
    sendfile;
    setrlimit64;
    setutxent;
    sighold; sigrelse; sigignore; sigset; sysv_signal;
    sigqueue; sigtimedwait; sigwaitinfo;
    statfs64; statvfs; statvfs64;
    strcasestr; strverscmp;
    strchrnul; __strverscmp;
    strtoimax; strtoumax; swapcontext;
    svc_getreq_common; svc_getreq_poll; svc_max_pollfd; svc_pollfd;
    svcunix_create; svcunixfd_create;
    swprintf; swscanf;
    tcgetsid;
    tdestroy; truncate64;
    tmpfile; tmpfile64;
    umount2;
    ungetwc;
    unlockpt; updwtmpx; utmpxname;
    user2netname;
    versionsort; versionsort64;
    vfwprintf; vswprintf; vwprintf; vfwscanf; vswscanf; vwscanf;
    waitid; wordexp; wordfree;
    wcscasecmp; wcsncasecmp; wcsnlen; wcstoll;
    wcschrnul; wmempcpy;
    wcsftime;
    wcstoimax; wcstoumax; wcstoull; wcswcs; wmemrtombs; wmemrtowcs;
    wprintf; wscanf;
    xdecrypt; xdr_authdes_cred; xdr_authdes_verf;
    xdr_getcredres; xdr_int16_t; xdr_int32_t; xdr_int8_t;
    xdr_hyper; xdr_u_hyper; xdr_longlong_t; xdr_u_longlong_t;
    xdr_int64_t; xdr_uint64_t;
    xdr_netnamestr; xdr_sizeof;
    xdr_uint16_t; xdr_uint32_t; xdr_uint8_t; xdr_unixcred;
}GLIBC_2.0;
GLIBC_2.2.1 {
  global:
    pivot_root;
    posix_openpt;
}GLIBC_2.2;
GLIBC_2.2.2 {
  global:
    __nss_hostname_digits_dots;
}GLIBC_2.2.1;
GLIBC_2.2.3 {
  global:
    __gai_sigqueue;
    __rpc_thread_destroy; __rpc_thread_svc_fdset; __rpc_thread_createerr;
    __rpc_thread_svc_pollfd; __rpc_thread_svc_max_pollfd;
    fnmatch;
    sprofil;
}GLIBC_2.2.2;
