GLIBC_2.0 {
  global:
	__register_frame_table;
	__deregister_frame_info;
	__register_frame_info_table;
	__register_frame_info;
	__udivdi3;
	__umoddi3;
	__divdi3;
	__moddi3;
	__frame_state_for;
	__deregister_frame;
	__register_frame;

  local:
	*;
};
GCC_3.0 {
  global:
	_Unwind_GetDataRelBase;
	__subdf3;
	__ucmpdi2;
	__addvsi3;
	_Unwind_GetTextRelBase;
	_Unwind_GetLanguageSpecificData;
	__floatdidf;
	__fixunssfdi;
	__register_frame_info_bases;
	__gesf2;
	_Unwind_DeleteException;
	__subvdi3;
	_Unwind_GetRegionStart;
	_Unwind_Resume;
	__clear_cache;
	__divdf3;
	__negvsi2;
	__cmpdi2;
	__ashldi3;
	__subsf3;
	__gtsf2;
	__floatsisf;
	__deregister_frame_info_bases;
	__mulsf3;
	__floatsidf;
	__absvsi2;
	__register_frame_info_table_bases;
	_Unwind_Find_FDE;
	__eqsf2;
	__negdf2;
	__ffsdi2;
	_Unwind_GetGR;
	_Unwind_ForcedUnwind;
	__subvsi3;
	__ashrdi3;
	__adddf3;
	__divsf3;
	_Unwind_GetIP;
	__ledf2;
	__mulvdi3;
	__muldi3;
	__lshrdi3;
	__ltdf2;
	__udivmoddi4;
	__nedf2;
	__negsf2;
	__truncdfsf2;
	__addvdi3;
	__extendsfdf2;
	__addsf3;
	__lesf2;
	__fixdfsi;
	__gedf2;
	_Unwind_RaiseException;
	__negvdi2;
	__ltsf2;
	__mulvsi3;
	__fixdfdi;
	__fixsfsi;
	__gtdf2;
	__fixunsdfsi;
	_Unwind_SetGR;
	__negdi2;
	__nesf2;
	__fixsfdi;
	__muldf3;
	_Unwind_SetIP;
	__floatdisf;
	__fixunssfsi;
	__fixunsdfdi;
	__absvdi2;
	__eqdf2;
} GLIBC_2.0;
GCC_3.3 {
  global:
	_Unwind_GetCFA;
	_Unwind_FindEnclosingFunction;
	_Unwind_Resume_or_Rethrow;
	_Unwind_Backtrace;
} GCC_3.0;
GCC_3.3.1 {
  global:
	__gcc_personality_v0;
} GCC_3.3;
GCC_3.3.4 {
  global:
	__unorddf2;
	__unordsf2;
} GCC_3.3.1;
GCC_3.4 {
  global:
	__paritysi2;
	__clzsi2;
	__ctzsi2;
	__popcountdi2;
	__popcountsi2;
	__paritydi2;
	__clzdi2;
	__ctzdi2;
} GCC_3.3.4;
GCC_3.4.2 {
  global:
	__enable_execute_stack;
} GCC_3.4;
GCC_4.0.0 {
  global:
	__muldc3;
	__divdc3;
	__powidf2;
	__mulsc3;
	__divsc3;
	__powisf2;
} GCC_3.4.2;
GCC_4.2.0 {
  global:
	_Unwind_GetIPInfo;
	__floatundisf;
	__floatundidf;
	__floatunsisf;
	__floatunsidf;
} GCC_4.0.0;
