@V@/COPYING.LIBGLOSS @V@/COPYING.GLOSS
@V@/bfd/ChangeLog-9193 @V@/bfd/ChangeLog.9193
@V@/bfd/ChangeLog-9495 @V@/bfd/ChangeLog.9495
@V@/bfd/ChangeLog-9697 @V@/bfd/ChangeLog.9697
@V@/bfd/ChangeLog-9899 @V@/bfd/ChangeLog.9899
@V@/bfd/ChangeLog-0001 @V@/bfd/ChangeLog.0001
@V@/bfd/ChangeLog-0203 @V@/bfd/ChangeLog.0203
@V@/bfd/ChangeLog-2004 @V@/bfd/ChangeLog.004
@V@/bfd/ChangeLog-2005 @V@/bfd/ChangeLog.005
@V@/bfd/ChangeLog-2006 @V@/bfd/ChangeLog.006
@V@/bfd/doc/ChangeLog-9103 @V@/bfd/ChangeLog.9103
@V@/bfd/coff-tic30.c @V@/bfd/cofftic30.c
@V@/bfd/coff-tic4x.c @V@/bfd/cofftic40.c
@V@/bfd/coff-tic54x.c @V@/bfd/cofftic54x.c
@V@/bfd/coff-tic80.c @V@/bfd/cofftic80.c
@V@/bfd/cpu-ia64-opc.c @V@/bfd/cpuia64-opc.c
@V@/bfd/cpu-m68hc11.c @V@/bfd/cm68hc11.c
@V@/bfd/cpu-m68hc12.c @V@/bfd/cm68hc12.c
@V@/bfd/efi-app-ia32.c @V@/bfd/efi-ia32-app.c
@V@/bfd/efi-app-ia64.c @V@/bfd/efi-ia64-app.c
@V@/bfd/elf32-arc.c @V@/bfd/elf32arc.c
@V@/bfd/elf32-crx.c @V@/bfd/elf32crx.c
@V@/bfd/elf32-cris.c @V@/bfd/elf32cris.c
@V@/bfd/elf32-cr16c.c @V@/bfd/elf32cr16c.c
@V@/bfd/elf32-fr30.c @V@/bfd/elf32f30.c
@V@/bfd/elf32-frv.c @V@/bfd/elf32fv.c
@V@/bfd/elf32-i370.c @V@/bfd/e32i370.c
@V@/bfd/elf32-i386.c @V@/bfd/e32i86.c
@V@/bfd/elf32-m32c.c @V@/bfd/em32c.c
@V@/bfd/elf32-m32r.c @V@/bfd/em32r.c
@V@/bfd/elf32-m68hc11.c @V@/bfd/em68hc11.c
@V@/bfd/elf32-m68hc12.c @V@/bfd/em68hc12.c
@V@/bfd/elf32-m68hc1x.c @V@/bfd/em68hc1x.c
@V@/bfd/elf32-m68k.c @V@/bfd/em68k.c
@V@/bfd/elf32-ppc.c @V@/bfd/e32ppc.c
@V@/bfd/elf32-sh.c @V@/bfd/e32sh.c
@V@/bfd/elf32-sh64.c @V@/bfd/e32sh64.c
@V@/bfd/elf32-sh-symbian.c @V@/bfd/e32sh-symbian.c
@V@/bfd/elf32-sh64-com.c @V@/bfd/e32sh64-com.c
@V@/bfd/elf64-alpha.c @V@/bfd/e64alphf.c
@V@/bfd/elf64-sh64.c @V@/bfd/e64sh64.c
@V@/config/inttypes-pri.m4 @V@/config/pri-inttypes.m4
@V@/config/inttypes_h.m4 @V@/config/uintmax-inttypes.m4
@V@/dejagnu/baseboards/mn10200-cygmon.exp @V@/dejagnu/baseboards/mn10200cygmon.exp
@V@/dejagnu/baseboards/mn10200-sim.exp @V@/dejagnu/baseboards/mn10200sim.exp
@V@/dejagnu/baseboards/mn10300-cygmon.exp @V@/dejagnu/baseboards/mn10300cygmon.exp
@V@/dejagnu/baseboards/mn10300-sim.exp @V@/dejagnu/baseboards/mn10300sim.exp
@V@/dejagnu/baseboards/powerpc-bug1.exp @V@/dejagnu/baseboards/powerpc1-bug.exp
@V@/dejagnu/baseboards/powerpc-sim.exp @V@/dejagnu/baseboards/powerpcsim.exp
@V@/dejagnu/baseboards/sparclite-coff.exp @V@/dejagnu/baseboards/sl-coff.exp
@V@/dejagnu/baseboards/sparclite-cygmon.exp @V@/dejagnu/baseboards/sl-cygmon.exp
@V@/dejagnu/baseboards/sparclite-sim-le.exp @V@/dejagnu/baseboards/sl-sim-le.exp
@V@/dejagnu/baseboards/sparclite-sim.exp @V@/dejagnu/baseboards/sl-sim.exp
@V@/dejagnu/contrib/test-g++ @V@/dejagnu/contrib/test-gxx
@V@/dejagnu/example/calc/calc.h.in @V@/dejagnu/example/calc/calc.h-in
@V@/expect/Dbg_cf.h.in @V@/expect/Dbg_cf.h-in
@V@/expect/example/beer.exp.out @V@/expect/example/beer_exp.out
@V@/expect/example/chesslib++.c @V@/expect/example/chesslibxx.c
@V@/expect/example/chesslib.c @V@/expect/example/chesslb.c
@V@/expect/example/chesslib2.c @V@/expect/example/chesslb2.c
@V@/expect/example/chesslibxx.c @V@/expect/example/chesslbxx.c
@V@/expect/exp_main_sub.c @V@/expect/exp_m_sub.c
@V@/expect/exp_main_tk.c @V@/expect/exp_m_tk.c
@V@/expect/expect_cf.h.in @V@/expect/expect_cf.h-in
@V@/gdb/ChangeLog-1990 @V@/gdb/ChangeLog.90
@V@/gdb/ChangeLog-1991 @V@/gdb/ChangeLog.91
@V@/gdb/ChangeLog-1992 @V@/gdb/ChangeLog.92
@V@/gdb/ChangeLog-1993 @V@/gdb/ChangeLog.93
@V@/gdb/ChangeLog-1994 @V@/gdb/ChangeLog.94
@V@/gdb/ChangeLog-1995 @V@/gdb/ChangeLog.95
@V@/gdb/ChangeLog-1996 @V@/gdb/ChangeLog.96
@V@/gdb/ChangeLog-1997 @V@/gdb/ChangeLog.97
@V@/gdb/ChangeLog-1998 @V@/gdb/ChangeLog.98
@V@/gdb/ChangeLog-1999 @V@/gdb/ChangeLog.99
@V@/gdb/ChangeLog-2000 @V@/gdb/ChangeLog.000
@V@/gdb/ChangeLog-2001 @V@/gdb/ChangeLog.001
@V@/gdb/ChangeLog-2002 @V@/gdb/ChangeLog.002
@V@/gdb/ChangeLog-2003 @V@/gdb/ChangeLog.003
@V@/gdb/ChangeLog-2004 @V@/gdb/ChangeLog.004
@V@/gdb/ChangeLog-2005 @V@/gdb/ChangeLog.005
@V@/gdb/ChangeLog-3.x @V@/gdb/ChangeLog.3-x
@V@/gdb/ada-exp.tab.c @V@/gdb/ada-exp_tab.c
@V@/gdb/amd64fbsd-nat.c @V@/gdb/a64fb-nat.c
@V@/gdb/amd64fbsd-tdep.c @V@/gdb/a64fb-tdep.c
@V@/gdb/amd64nbsd-nat.c @V@/gdb/a64nb-nat.c
@V@/gdb/amd64nbsd-tdep.c @V@/gdb/a64nb-tdep.c
@V@/gdb/amd64obsd-nat.c @V@/gdb/a64ob-nat.c
@V@/gdb/amd64obsd-tdep.c @V@/gdb/a64ob-tdep.c
@V@/gdb/alphabsd-nat.c @V@/gdb/alphb-nat.c
@V@/gdb/alphabsd-tdep.c @V@/gdb/alphb-tdep.c
@V@/gdb/alphanbsd-tdep.c @V@/gdb/alphnb-tdep.c
@V@/gdb/alpha-linux-nat.c @V@/gdb/alphl-nat.c
@V@/gdb/alpha-linux-tdep.c @V@/gdb/alphl-tdep.c
@V@/gdb/arm-linux-nat.c @V@/gdb/armlin-nat.c
@V@/gdb/arm-linux-tdep.c @V@/gdb/armlin-tdep.c
@V@/gdb/armnbsd-nat.c @V@/gdb/armnbd-nat.c
@V@/gdb/armnbsd-tdep.c @V@/gdb/armnbd-tdep.c
@V@/gdb/c-exp.tab.c @V@/gdb/c-exp_tab.c
@V@/gdb/config/alpha/alpha-osf1.mh @V@/gdb/config/alpha/alphosf1.mh
@V@/gdb/config/alpha/alpha-osf2.mh @V@/gdb/config/alpha/alphosf2.mh
@V@/gdb/config/alpha/alpha-osf3.mh @V@/gdb/config/alpha/alphosf3.mh
@V@/gdb/config/alpha/tm-alphalinux.h @V@/gdb/config/alpha/tm-alplinux.h
@V@/gdb/config/i386/nm-linux64.h @V@/gdb/config/i386/nm-lx64.h
@V@/gdb/config/i386/nm-i386sco4.h @V@/gdb/config/i386/nm-sco4.h
@V@/gdb/config/i386/nm-i386sco5.h @V@/gdb/config/i386/nm-sco5.h
@V@/gdb/config/i386/nm-i386sol2.h @V@/gdb/config/i386/nm-sol2.h
@V@/gdb/config/i386/nm-i386v4.h @V@/gdb/config/i386/nm-v4.h
@V@/gdb/config/i386/nm-i386v42mp.h @V@/gdb/config/i386/nm-v42mp.h
@V@/gdb/config/i386/tm-i386sol2.h @V@/gdb/config/i386/tm-sol2.h
@V@/gdb/config/i386/xm-i386v4.h @V@/gdb/config/i386/xm-v4.h
@V@/gdb/config/m88k/xm-delta88v4.h @V@/gdb/config/m88k/xm-d88v4.h
@V@/gdb/config/mips/tm-linux.h @V@/gdb/config/mips/tm-lx.h
@V@/gdb/config/pa/nm-hppah11.h @V@/gdb/config/pa/nm-hppa11.h
@V@/gdb/config/rs6000/tm-rs6000.h @V@/gdb/config/rs6000/tm-rs6k.h
@V@/gdb/config/rs6000/tm-rs6000ly.h @V@/gdb/config/rs6000/tm-rs6kly.h
@V@/gdb/config/sparc/tm-sparclynx.h @V@/gdb/config/sparc/tm-splynx.h
@V@/gdb/cp-names.c @V@/gdb/cpnames.c
@V@/gdb/f-exp.tab.c @V@/gdb/f-exp_tab.c
@V@/gdb/gdbserver/linux-cris-low.c @V@/gdb/gdbserver/lx-cris.c
@V@/gdb/gdbserver/linux-crisv32-low.c @V@/gdb/gdbserver/lx-cris32.c
@V@/gdb/gdbserver/linux-ppc-low.c @V@/gdb/gdbserver/lx-ppc-low.c
@V@/gdb/gdbserver/linux-ppc64-low.c @V@/gdb/gdbserver/lx-ppc64-low.c
@V@/gdb/gdbtk/ChangeLog-2001 @V@/gdb/gdbtk/ChangeLog.001
@V@/gdb/gdbtk/ChangeLog-2002 @V@/gdb/gdbtk/ChangeLog.002
@V@/gdb/gdbtk/ChangeLog-2003 @V@/gdb/gdbtk/ChangeLog.003
@V@/gdb/gdbtk/generic/ChangeLog-1997 @V@/gdb/gdbtk/generic/ChangeLog.97
@V@/gdb/gdbtk/generic/ChangeLog-1998 @V@/gdb/gdbtk/generic/ChangeLog.98
@V@/gdb/gdbtk/generic/ChangeLog-1999 @V@/gdb/gdbtk/generic/ChangeLog.99
@V@/gdb/gdbtk/generic/ChangeLog-2000 @V@/gdb/gdbtk/generic/ChangeLog.000
@V@/gdb/gdbtk/generic/gdbtk-varobj.c @V@/gdb/gdbtk/generic/gdbtk-vobj.c
@V@/gdb/gdbtk/library/ChangeLog-1997 @V@/gdb/gdbtk/library/ChangeLog.97
@V@/gdb/gdbtk/library/ChangeLog-1998 @V@/gdb/gdbtk/library/ChangeLog.98
@V@/gdb/gdbtk/library/ChangeLog-1999 @V@/gdb/gdbtk/library/ChangeLog.99
@V@/gdb/gdbtk/library/ChangeLog-2000 @V@/gdb/gdbtk/library/ChangeLog.000
@V@/gdb/gdbtk/plugins/intel-pentium/intel-pentium.tcl.in @V@/gdb/gdbtk/plugins/intel-pentium/intel-pentium.t-in
@V@/gdb/gdbtk/plugins/rhabout/rhabout.tcl.in @V@/gdb/gdbtk/plugins/rhabout/rhabout.t-in
@V@/gdb/hppabsd-nat.c @V@/gdb/hppab-nat.c
@V@/gdb/hppabsd-tdep.c @V@/gdb/hppab-tdep.c
@V@/gdb/i386-interix-nat.c @V@/gdb/i386ix-nat.c
@V@/gdb/i386-interix-tdep.c @V@/gdb/i386ix-tdep.c
@V@/gdb/i386-linux-tdep.c @V@/gdb/i386lx-tdep.c
@V@/gdb/i386-linux-nat.c @V@/gdb/i386lx-nat.c
@V@/gdb/i386bsd-nat.c @V@/gdb/i3bsd-nat.c
@V@/gdb/i386bsd-tdep.c @V@/gdb/i3bsd-tdep.c
@V@/gdb/i386fbsd-nat.c @V@/gdb/i3fbsd-nat.c
@V@/gdb/i386fbsd-tdep.c @V@/gdb/i3fbsd-tdep.c
@V@/gdb/i386gnu-nat.c @V@/gdb/i3gnu-nat.c
@V@/gdb/i386gnu-tdep.c @V@/gdb/i3gnu-tdep.c
@V@/gdb/i386nbsd-tdep.c @V@/gdb/i3nbsd-tdep.c
@V@/gdb/i386obsd-nat.c @V@/gdb/i3obsd-nat.c
@V@/gdb/i386obsd-tdep.c @V@/gdb/i3obsd-tdep.c
@V@/gdb/i386-sol2-nat.c @V@/gdb/i3sol2-nat.c
@V@/gdb/i386-sol2-tdep.c @V@/gdb/i3sol2-tdep.c
@V@/gdb/ia64-aix-nat.c @V@/gdb/ia64ax-nat.c
@V@/gdb/ia64-aix-tdep.c @V@/gdb/ia64ax-tdep.c
@V@/gdb/ia64-linux-nat.c @V@/gdb/ia64lx-nat.c
@V@/gdb/ia64-linux-nat.c @V@/gdb/ia64lx-tdep.c
@V@/gdb/jv-exp.tab.c @V@/gdb/jv-exp_tab.c
@V@/gdb/m2-exp.tab.c @V@/gdb/m2-exp_tab.c
@V@/gdb/m32r-linux-nat.c @V@/gdb/m32rlnxnat.c
@V@/gdb/m32r-linux-tdep.c @V@/gdb/m32rlnxtdep.c
@V@/gdb/m68klinux-nat.c @V@/gdb/m68kl-nat.c
@V@/gdb/m68klinux-tdep.c @V@/gdb/m68kl-tdep.c
@V@/gdb/m68kbsd-nat.c @V@/gdb/m68bsd-nat.c
@V@/gdb/m68kbsd-tdep.c @V@/gdb/m68bsd-tdep.c
@V@/gdb/m68knbsd-nat.c @V@/gdb/m6nbsd-nat.c
@V@/gdb/m68knbsd-tdep.c @V@/gdb/m6nbsd-tdep.c
@V@/gdb/mips-linux-nat.c @V@/gdb/mipslnxnat.c
@V@/gdb/mips-linux-tdep.c @V@/gdb/mipslnxtdep.c
@V@/gdb/mipsnbsd-nat.c @V@/gdb/mipsnbnat.c
@V@/gdb/mipsnbsd-tdep.c @V@/gdb/mipsnbtdep.c
@V@/gdb/mips64obsd-nat.c @V@/gdb/mipsobnat.c
@V@/gdb/mips64obsd-tdep.c @V@/gdb/mipsobtdep.c
@V@/gdb/mn10300-linux-tdep.c @V@/gdb/mn10300linux-tdep.c
@V@/gdb/ns32knbsd-nat.c @V@/gdb/ns32nb-nat.c
@V@/gdb/ns32knbsd-tdep.c @V@/gdb/ns32nb-tdep.c
@V@/gdb/objc-exp.tab.c @V@/gdb/objc-exp_tab.c
@V@/gdb/osf-share/cma_stack_int.h @V@/gdb/osf-share/cma_stkint.h
@V@/gdb/p-exp.tab.c @V@/gdb/p-exp_tab.c
@V@/gdb/ppc-linux-tdep.c @V@/gdb/ppc-lx-tdep.c
@V@/gdb/ppc-linux-nat.c @V@/gdb/ppc-lx-nat.c
@V@/gdb/ppcnbsd-nat.c @V@/gdb/ppcnb-nat.c
@V@/gdb/ppcnbsd-tdep.c @V@/gdb/ppcnb-tdep.c
@V@/gdb/ppcobsd-nat.c @V@/gdb/ppcob-nat.c
@V@/gdb/ppcobsd-tdep.c @V@/gdb/ppcob-tdep.c
@V@/gdb/regformats/reg-i386-linux.dat @V@/gdb/regformats/r-i386-lnx.dat
@V@/gdb/regformats/reg-s390x.dat @V@/gdb/regformats/r-s390x.dat
@V@/gdb/regformats/reg-cris.dat @V@/gdb/regformats/r-cris.dat
@V@/gdb/regformats/reg-crisv32.dat @V@/gdb/regformats/r-crisv32.dat
@V@/gdb/remote-e7000.c @V@/gdb/rmt-e7000.c
@V@/gdb/remote-est.c @V@/gdb/rmt-est.c
@V@/gdb/remote-mips.c @V@/gdb/emt-mips.c
@V@/gdb/remote-rdi.c @V@/gdb/rmt-rdi.c
@V@/gdb/remote-rdp.c @V@/gdb/rmt-rdp.c
@V@/gdb/remote-sds.c @V@/gdb/rmt-sds.c
@V@/gdb/remote-sim.c @V@/gdb/rmt-sim.c
@V@/gdb/remote-st.c @V@/gdb/rmt-st.c
@V@/gdb/remote-vx.c @V@/gdb/rmt-vx.c
@V@/gdb/remote-vx68.c @V@/gdb/rmt-vx68.c
@V@/gdb/remote-vxmips.c @V@/gdb/rmt-vxmips.c
@V@/gdb/remote-vxsparc.c @V@/gdb/rmt-vxsparc.c
@V@/gdb/sparc64fbsd-nat.c @V@/gdb/sp64fb-nat.c
@V@/gdb/sparc64fbsd-tdep.c @V@/gdb/sp64fb-tdep.c
@V@/gdb/sparc64nbsd-nat.c @V@/gdb/sp64nb-nat.c
@V@/gdb/sparc64nbsd-tdep.c @V@/gdb/sp64nb-tdep.c
@V@/gdb/sparc64-linux-nat.c @V@/gdb/sp64lx-nat.c
@V@/gdb/sparc64-linux-tdep.c @V@/gdb/sp64lx-tdep.c
@V@/gdb/sparc64-nat.c @V@/gdb/sp64-nat.c
@V@/gdb/sparc64-tdep.c @V@/gdb/sp64-tdep.c
@V@/gdb/sparc64-sol2-tdep.c @V@/gdb/sp64s2-tdep.c
@V@/gdb/sparcnbsd-nat.c @V@/gdb/spnb-nat.c
@V@/gdb/sparcnbsd-tdep.c @V@/gdb/spnb-tdep.c
@V@/gdb/sparc-linux-nat.c @V@/gdb/splx-nat.c
@V@/gdb/sparc-linux-tdep.c @V@/gdb/splx-tdep.c
@V@/gdb/sparc-sol2-nat.c @V@/gdb/spsol2-nat.c
@V@/gdb/sparc-sol2-tdep.c @V@/gdb/spsol2-tdep.c
@V@/gdb/testsuite/.gdbinit @V@/gdb/testsuite/gdb.ini
@V@/gdb/testsuite/gdb.arch/altivec-abi.c @V@/gdb/testsuite/gdb.arch/av-abi.c
@V@/gdb/testsuite/gdb.arch/altivec-abi.exp @V@/gdb/testsuite/gdb.arch/av-abi.exp
@V@/gdb/testsuite/gdb.arch/altivec-regs.c @V@/gdb/testsuite/gdb.arch/av-regs.c
@V@/gdb/testsuite/gdb.arch/altivec-regs.exp @V@/gdb/testsuite/gdb.arch/av-regs.exp
@V@/gdb/testsuite/gdb.arch/powerpc-aix-prologue.exp @V@/gdb/testsuite/gdb.arch/ppcaprol.exp
@V@/gdb/testsuite/gdb.arch/powerpc-aix-prologue.c @V@/gdb/testsuite/gdb.arch/ppcaprol.c
@V@/gdb/testsuite/gdb.base/bitfields2.c @V@/gdb/testsuite/gdb.base/bitfiel2.c
@V@/gdb/testsuite/gdb.base/bitfields2.exp @V@/gdb/testsuite/gdb.base/bitfiel2.exp
@V@/gdb/testsuite/gdb.base/coremaker2.c @V@/gdb/testsuite/gdb.base/core2maker.c
@V@/gdb/testsuite/gdb.cp/m-static1.cc @V@/gdb/testsuite/gdb.cp/m-stat1.cc
@V@/gdb/testsuite/gdb.cp/namespace1.cc @V@/gdb/testsuite/gdb.cp/namesp1.cc
@V@/gdb/testsuite/gdb.dwarf2/dw2-intermix.exp @V@/gdb/testsuite/gdb.dwarf2/dw2-intmix.exp
@V@/gdb/testsuite/gdb.dwarf2/dw2-intermix.S @V@/gdb/testsuite/gdb.dwarf2/dw2-intmix.S
@V@/gdb/testsuite/gdb.gdbtk/ChangeLog @V@/gdb/testsuite/gdb.tk/ChangeLog
@V@/gdb/testsuite/gdb.gdbtk/Makefile.in @V@/gdb/testsuite/gdb.tk/Makefile.in
@V@/gdb/testsuite/gdb.gdbtk/browser.exp @V@/gdb/testsuite/gdb.tk/browser.exp
@V@/gdb/testsuite/gdb.gdbtk/browser.test @V@/gdb/testsuite/gdb.tk/browser.test
@V@/gdb/testsuite/gdb.gdbtk/c_variable.c @V@/gdb/testsuite/gdb.tk/c_variable.c
@V@/gdb/testsuite/gdb.gdbtk/c_variable.exp @V@/gdb/testsuite/gdb.tk/c_variable.exp
@V@/gdb/testsuite/gdb.gdbtk/c_variable.test @V@/gdb/testsuite/gdb.tk/c_variable.test
@V@/gdb/testsuite/gdb.gdbtk/configure @V@/gdb/testsuite/gdb.tk/configure
@V@/gdb/testsuite/gdb.gdbtk/configure.in @V@/gdb/testsuite/gdb.tk/configure.in
@V@/gdb/testsuite/gdb.gdbtk/console.exp @V@/gdb/testsuite/gdb.tk/console.exp
@V@/gdb/testsuite/gdb.gdbtk/console.test @V@/gdb/testsuite/gdb.tk/console.test
@V@/gdb/testsuite/gdb.gdbtk/cpp_variable.cc @V@/gdb/testsuite/gdb.tk/cpp_variable.cc
@V@/gdb/testsuite/gdb.gdbtk/cpp_variable.exp @V@/gdb/testsuite/gdb.tk/cpp_variable.exp
@V@/gdb/testsuite/gdb.gdbtk/cpp_variable.h @V@/gdb/testsuite/gdb.tk/cpp_variable.h
@V@/gdb/testsuite/gdb.gdbtk/cpp_variable.test @V@/gdb/testsuite/gdb.tk/cpp_variable.test
@V@/gdb/testsuite/gdb.gdbtk/defs @V@/gdb/testsuite/gdb.tk/defs
@V@/gdb/testsuite/gdb.gdbtk/list0.c @V@/gdb/testsuite/gdb.tk/list0.c
@V@/gdb/testsuite/gdb.gdbtk/list0.h @V@/gdb/testsuite/gdb.tk/list0.h
@V@/gdb/testsuite/gdb.gdbtk/list1.c @V@/gdb/testsuite/gdb.tk/list1.c
@V@/gdb/testsuite/gdb.gdbtk/README @V@/gdb/testsuite/gdb.tk/README
@V@/gdb/testsuite/gdb.gdbtk/simple.c @V@/gdb/testsuite/gdb.tk/simple.c
@V@/gdb/testsuite/gdb.gdbtk/srcwin.exp @V@/gdb/testsuite/gdb.tk/srcwin.exp
@V@/gdb/testsuite/gdb.gdbtk/srcwin.test @V@/gdb/testsuite/gdb.tk/srcwin.test
@V@/gdb/testsuite/gdb.gdbtk/srcwin2.test @V@/gdb/testsuite/gdb.tk/srcwin2.test
@V@/gdb/testsuite/gdb.gdbtk/srcwin3.test @V@/gdb/testsuite/gdb.tk/srcwin3.test
@V@/gdb/testsuite/gdb.gdbtk/stack1.c @V@/gdb/testsuite/gdb.tk/stack1.c
@V@/gdb/testsuite/gdb.gdbtk/stack2.c @V@/gdb/testsuite/gdb.tk/stack2.c
@V@/gdb/testsuite/gdb.gdbtk/windows.exp @V@/gdb/testsuite/gdb.tk/windows.exp
@V@/gdb/testsuite/gdb.gdbtk/windows.test @V@/gdb/testsuite/gdb.tk/windows.test
@V@/gdb/testsuite/gdb.mi/mi-var-cmd.exp @V@/gdb/testsuite/gdb.mi/mi-varcmd.exp
@V@/gdb/testsuite/gdb.mi/mi-var-child.exp @V@/gdb/testsuite/gdb.mi/mi-varchild.exp
@V@/gdb/testsuite/gdb.mi/mi1-var-block.exp @V@/gdb/testsuite/gdb.mi/mi1varblock.exp
@V@/gdb/testsuite/gdb.mi/mi1-var-child.exp @V@/gdb/testsuite/gdb.mi/mi1varchild.exp
@V@/gdb/testsuite/gdb.mi/mi1-var-cmd.exp @V@/gdb/testsuite/gdb.mi/mi1varcmd.exp
@V@/gdb/testsuite/gdb.mi/mi1-var-display.exp @V@/gdb/testsuite/gdb.mi/mi1vardisplay.exp
@V@/gdb/testsuite/gdb.mi/mi2-var-block.exp @V@/gdb/testsuite/gdb.mi/mi2varblock.exp
@V@/gdb/testsuite/gdb.mi/mi2-var-child.exp @V@/gdb/testsuite/gdb.mi/mi2varchild.exp
@V@/gdb/testsuite/gdb.mi/mi2-var-cmd.exp @V@/gdb/testsuite/gdb.mi/mi2varcmd.exp
@V@/gdb/testsuite/gdb.mi/mi2-var-display.exp @V@/gdb/testsuite/gdb.mi/mi2vardisplay.exp
@V@/gdb/amd64-linux-tdep.c @V@/gdb/amd64-ltdep.c
@V@/gdb/amd64-linux-nat.c @V@/gdb/amd64-lnat.c
@V@/gdb/hppa-linux-tdep.c @V@/gdb/palnxtdep.c
@V@/gdb/hppa-linux-nat.c @V@/gdb/palnxnat.c
@V@/gdb/hppa-hpux-nat.c @V@/gdb/pahpuxnat.c
@V@/gdb/hppa-hpux-tdep.c @V@/gdb/pahpuxtdep.c
@V@/include/ChangeLog-9103 @V@/include/ChangeLog.9103
@V@/include/coff/ChangeLog-9103 @V@/include/coff/ChangeLog.9103
@V@/include/elf/ChangeLog-9103 @V@/include/elf/ChangeLog.9103
@V@/include/opcode/ChangeLog-9103 @V@/include/opcode/ChangeLog.9103
@V@/include/xtensa-isa-internal.h @V@/include/xt-internal.h
@V@/include/xtensa-isa.h @V@/include/xt-isa.h
@V@/intl/intlh.inst.in @V@/intl/intlh_inst.in
@V@/intl/po2tbl.sed.in @V@/intl/po2tblsed.in
@V@/itcl/itcl/itclConfig.sh.in @V@/itcl/itcl/itclConfig.sh-in
@V@/itcl/itcl/unix/pkgIndex.tcl.in @V@/itcl/itcl/unix/pkgIndex.t-in
@V@/itcl/itk/itkConfig.sh.in @V@/itcl/itk/itkConfig.sh-in
@V@/itcl/itk/unix/pkgIndex.tcl.in @V@/itcl/itk/unix/pkgIndex.t-in
@V@/itcl/iwidgets3.0.0 @V@/itcl/iwidgets3.0-0
@V@/libgui/config.h.in @V@/libgui/config.h-in
@V@/libgui/src/tkTableCell.c @V@/libgui/src/tkTabCell.c
@V@/libgui/src/tkTableCmd.c @V@/libgui/src/tkTabCmd.c
@V@/libgui/src/tkWinPrintCanvas.c @V@/libgui/src/tkWPrtCanvas.c
@V@/libgui/src/tkWinPrintText.c @V@/libgui/src/tkWPrtText.c
@V@/opcodes/ChangeLog-9297 @V@/opcodes/ChangeLog.9297
@V@/opcodes/ChangeLog-9899 @V@/opcodes/ChangeLog.9899
@V@/opcodes/ChangeLog-0001 @V@/opcodes/ChangeLog.0001
@V@/opcodes/ChangeLog-0203 @V@/opcodes/ChangeLog.0203
@V@/opcodes/ChangeLog-2004 @V@/opcodes/ChangeLog.004
@V@/opcodes/ChangeLog-2005 @V@/opcodes/ChangeLog.005
@V@/opcodes/ia64-opc-a.c @V@/opcodes/ia64opca.c
@V@/opcodes/ia64-opc-b.c @V@/opcodes/ia64opcb.c
@V@/opcodes/ia64-opc-d.c @V@/opcodes/ia64opcd.c
@V@/opcodes/ia64-opc-f.c @V@/opcodes/ia64opcf.c
@V@/opcodes/ia64-opc-i.c @V@/opcodes/ia64opci.c
@V@/opcodes/ia64-opc-m.c @V@/opcodes/ia64opcm.c
@V@/opcodes/ia64-opc-x.c @V@/opcodes/ia64opcx.c
@V@/opcodes/ia64-opc.c @V@/opcodes/ia64-opc.c
@V@/opcodes/iq2000-desc.c @V@/opcodes/iq2000desc.c
@V@/opcodes/iq2000-dis.c @V@/opcodes/iq2000dis.c
@V@/opcodes/m68hc11-dis.c @V@/opcodes/m68hc11dis.c
@V@/opcodes/m68hc11-opc.c @V@/opcodes/m68hc11opc.c
@V@/opcodes/openrisc-asm.c @V@/opcodes/orisc-asm.c
@V@/opcodes/openrisc-desc.c @V@/opcodes/orisc-desc.c
@V@/opcodes/openrisc-dis.c @V@/opcodes/orisc-dis.c
@V@/opcodes/openrisc-ibld.c @V@/opcodes/orisc-ibld.c
@V@/opcodes/openrisc-opc.c @V@/opcodes/orisc-opc.c
@V@/opcodes/openrisc-opc.h @V@/opcodes/orisc-opc.h
@V@/opcodes/openrisc-desc.h @V@/opcodes/orisc-desc.h
@V@/opcodes/xstormy16-asm.c @V@/opcodes/xst16asm.c
@V@/opcodes/xstormy16-desc.c @V@/opcodes/xst16dsc.c
@V@/opcodes/xstormy16-desc.h @V@/opcodes/xst16dsc.h
@V@/opcodes/xstormy16-dis.c @V@/opcodes/xst16dis.c
@V@/opcodes/xstormy16-ibld.c @V@/opcodes/xst16ibd.c
@V@/opcodes/xstormy16-opc.c @V@/opcodes/xst16opc.c
@V@/opcodes/xstormy16-opc.h @V@/opcodes/xst16opc.h
@V@/readline/config.h.bot @V@/readline/config.h-bot
@V@/readline/config.h.in @V@/readline/config.h-in
@V@/sim/frv/profile-fr400.c @V@/sim/frv/fr400-profile.c
@V@/sim/cris/semcrisv10f-switch.c @V@/sim/cris/scrisv10f.c
@V@/sim/cris/semcrisv32f-switch.c @V@/sim/cris/scrisv32f.c
@V@/sim/frv/profile-fr400.h @V@/sim/frv/fr400-profile.h
@V@/sim/frv/profile-fr500.c @V@/sim/frv/fr500-profile.c
@V@/sim/frv/profile-fr500.h @V@/sim/frv/fr500-profile.h
@V@/sim/frv/profile-fr550.c @V@/sim/frv/fr550-profile.c
@V@/sim/frv/profile-fr550.h @V@/sim/frv/fr550-profile.h
@V@/sim/m68hc11/dv-m68hc11eepr.c @V@/sim/m68hc11/dv-eepr.c
@V@/sim/m68hc11/dv-m68hc11sio.c @V@/sim/m68hc11/dv-sio.c
@V@/sim/m68hc11/dv-m68hc11spi.c @V@/sim/m68hc11/dv-spi.c
@V@/sim/m68hc11/dv-m68hc11tim.c @V@/sim/m68hc11/dv-tim.c
@V@/sim/mips/dv-tx3904irc.c @V@/sim/mips/dv-tx3irc.c
@V@/sim/mips/dv-tx3904sio.c @V@/sim/mips/dv-tx3sio.c
@V@/sim/mips/dv-tx3904tmr.c @V@/sim/mips/dv-tx3tmr.c
@V@/sim/mn10300/dv-mn103int.c @V@/sim/mn10300/dv-mn1int.c
@V@/sim/mn10300/dv-mn103iop.c @V@/sim/mn10300/dv-mn1iop.c
@V@/sim/mn10300/dv-mn103ser.c @V@/sim/mn10300/dv-mn1ser.c
@V@/sim/mn10300/dv-mn103tim.c @V@/sim/mn10300/dv-mn1tim.c
@V@/sim/ppc/.gdbinit @V@/sim/ppc/gdb.ini
@V@/sim/ppc/corefile-n.h @V@/sim/ppc/corefle-n.h
@V@/sim/ppc/altivec_expression.h @V@/sim/ppc/av_expression.h
@V@/sim/ppc/altivec_registers.h @V@/sim/ppc/av_registers.h
@V@/sim/ppc/idecode_branch.h @V@/sim/ppc/idec_branch.h
@V@/sim/ppc/idecode_expression.h @V@/sim/ppc/idec_expression.h
@V@/sim/ppc/idecode_fields.h @V@/sim/ppc/idec_fields.h
@V@/sim/ppc/sim-endian-n.h @V@/sim/ppc/sim-endn.h
@V@/sim/sh64/sem-compact-switch.c @V@/sim/sh64/sem-cswitch.c
@V@/sim/sh64/sem-media-switch.c @V@/sim/sh64/sem-mswitch.c
@V@/sim/testsuite/d10v-elf/t-ae-ld-d.s @V@/sim/testsuite/d10v-elf/t-ld-d.s
@V@/sim/testsuite/d10v-elf/t-ae-ld-i.s @V@/sim/testsuite/d10v-elf/t-ld-i.s
@V@/sim/testsuite/d10v-elf/t-ae-ld-id.s @V@/sim/testsuite/d10v-elf/t-ld-id.s
@V@/sim/testsuite/d10v-elf/t-ae-ld-im.s @V@/sim/testsuite/d10v-elf/t-ld-im.s
@V@/sim/testsuite/d10v-elf/t-ae-ld-ip.s @V@/sim/testsuite/d10v-elf/t-ld-ip.s
@V@/sim/testsuite/d10v-elf/t-ae-ld2w-d.s @V@/sim/testsuite/d10v-elf/t-ld2-d.s
@V@/sim/testsuite/d10v-elf/t-ae-ld2w-i.s @V@/sim/testsuite/d10v-elf/t-ld2-i.s
@V@/sim/testsuite/d10v-elf/t-ae-ld2w-id.s @V@/sim/testsuite/d10v-elf/t-ld2-id.s
@V@/sim/testsuite/d10v-elf/t-ae-ld2w-im.s @V@/sim/testsuite/d10v-elf/t-ld2-im.s
@V@/sim/testsuite/d10v-elf/t-ae-ld2w-ip.s @V@/sim/testsuite/d10v-elf/t-ld2-ip.s
@V@/sim/testsuite/d10v-elf/t-ae-st-d.s @V@/sim/testsuite/d10v-elf/t-st-d.s
@V@/sim/testsuite/d10v-elf/t-ae-st-i.s @V@/sim/testsuite/d10v-elf/t-st-i.s
@V@/sim/testsuite/d10v-elf/t-ae-st-id.s @V@/sim/testsuite/d10v-elf/t-st-id.s
@V@/sim/testsuite/d10v-elf/t-ae-st-im.s @V@/sim/testsuite/d10v-elf/t-st-im.s
@V@/sim/testsuite/d10v-elf/t-ae-st-ip.s @V@/sim/testsuite/d10v-elf/t-st-ip.s
@V@/sim/testsuite/d10v-elf/t-ae-st-is.s @V@/sim/testsuite/d10v-elf/t-st-is.s
@V@/sim/testsuite/d10v-elf/t-ae-st2w-d.s @V@/sim/testsuite/d10v-elf/t-st2-d.s
@V@/sim/testsuite/d10v-elf/t-ae-st2w-i.s @V@/sim/testsuite/d10v-elf/t-st2-i.s
@V@/sim/testsuite/d10v-elf/t-ae-st2w-id.s @V@/sim/testsuite/d10v-elf/t-st2-id.s
@V@/sim/testsuite/d10v-elf/t-ae-st2w-im.s @V@/sim/testsuite/d10v-elf/t-st2-im.s
@V@/sim/testsuite/d10v-elf/t-ae-st2w-ip.s @V@/sim/testsuite/d10v-elf/t-st2-ip.s
@V@/sim/testsuite/d10v-elf/t-ae-st2w-is.s @V@/sim/testsuite/d10v-elf/t-st2-is.s
@V@/sim/testsuite/d30v-elf/ls-ld4bhu.S @V@/sim/testsuite/d30v-elf/ls-ld4bu.S
@V@/sim/testsuite/sim/arm/misaligned1.ms @V@/sim/testsuite/sim/arm/mis1.ms
@V@/sim/testsuite/sim/arm/misaligned2.ms @V@/sim/testsuite/sim/arm/mis2.ms
@V@/sim/testsuite/sim/arm/misaligned3.ms @V@/sim/testsuite/sim/arm/mis3.ms
@V@/sim/testsuite/sim/cris/asm/tjmpsrv32-2.ms @V@/sim/testsuite/sim/cris/tjmp32-2.ms
@V@/sim/testsuite/sim/cris/asm/tjmpsrv32.ms @V@/sim/testsuite/sim/cris/tjmp32.ms
@V@/sim/testsuite/sim/cris/c/ftruncate1.c @V@/sim/testsuite/sim/cris/ftrunc1.c
@V@/sim/testsuite/sim/cris/c/ftruncate2.c @V@/sim/testsuite/sim/cris/ftrunc2.c
@V@/sim/testsuite/sim/cris/c/readlink1.c @V@/sim/testsuite/sim/cris/rdlink1.c
@V@/sim/testsuite/sim/cris/c/readlink2.c @V@/sim/testsuite/sim/cris/rdlink2.c
@V@/sim/testsuite/sim/cris/c/readlink3.c @V@/sim/testsuite/sim/cris/rdlink3.c
@V@/sim/testsuite/sim/cris/c/readlink4.c @V@/sim/testsuite/sim/cris/rdlink4.c
@V@/sim/testsuite/sim/cris/c/readlink5.c @V@/sim/testsuite/sim/cris/rdlink5.c
@V@/sim/testsuite/sim/cris/c/readlink6.c @V@/sim/testsuite/sim/cris/rdlink6.c
@V@/sim/testsuite/sim/cris/c/readlink7.c @V@/sim/testsuite/sim/cris/rdlink7.c
@V@/sim/testsuite/sim/cris/c/readlink8.c @V@/sim/testsuite/sim/cris/rdlink8.c
@V@/sim/testsuite/sim/cris/c/readlink9.c @V@/sim/testsuite/sim/cris/rdlink9.c
@V@/sim/testsuite/sim/cris/c/readlink10.c @V@/sim/testsuite/sim/cris/rdlink10.c
@V@/sim/testsuite/sim/cris/c/sigreturn1.c @V@/sim/testsuite/sim/cris/sigret1.c
@V@/sim/testsuite/sim/cris/c/sigreturn2.c @V@/sim/testsuite/sim/cris/sigret2.c
@V@/sim/testsuite/sim/cris/c/truncate1.c @V@/sim/testsuite/sim/cris/trunc1.c
@V@/sim/testsuite/sim/cris/c/truncate2.c @V@/sim/testsuite/sim/cris/trunc2.c
@V@/sim/testsuite/sim/mips/fpu64-ps-sb1.s @V@/sim/testsuite/sim/mips/fpu64ps-sb1.s
@V@/sim/testsuite/sim/frv/interrupts/Ipipe-fr400.cgs @V@/sim/testsuite/sim/frv/interrupts/Ip-fr400.cgs
@V@/sim/testsuite/sim/frv/interrupts/Ipipe-fr500.cgs @V@/sim/testsuite/sim/frv/interrupts/Ip-fr500.cgs
@V@/sim/testsuite/sim/frv/interrupts/badalign-fr550.cgs @V@/sim/testsuite/sim/frv/interrupts/fr550-badalign.cgs
@V@/sim/testsuite/sim/frv/interrupts/compound-fr550.cgs @V@/sim/testsuite/sim/frv/interrupts/fr550-compound.cgs
@V@/sim/testsuite/sim/frv/interrupts/data_store_error-fr550.cgs @V@/sim/testsuite/sim/frv/interrupts/fr550-data_store_error.cgs
@V@/sim/testsuite/sim/frv/interrupts/fp_exception-fr550.cgs @V@/sim/testsuite/sim/frv/interrupts/fr550-fp_exception.cgs
@V@/sim/testsuite/sim/frv/interrupts/insn_access_error-fr550.cgs @V@/sim/testsuite/sim/frv/interrupts/fr550-insn_access_error.cgs
@V@/sim/testsuite/sim/mips/hilo-hazard-1.s @V@/sim/testsuite/sim/mips/hilo-hz1.s
@V@/sim/testsuite/sim/mips/hilo-hazard-2.s @V@/sim/testsuite/sim/mips/hilo-hz2.s
@V@/sim/testsuite/sim/mips/hilo-hazard-3.s @V@/sim/testsuite/sim/mips/hilo-hz3.s
@V@/sim/testsuite/sim/sh64/compact/ldsl-mach.cgs @V@/sim/testsuite/sim/sh64/compact/mach-ldsl.cgs
@V@/sim/testsuite/sim/sh64/compact/ldsl-macl.cgs @V@/sim/testsuite/sim/sh64/compact/macl-ldsl.cgs
@V@/sim/testsuite/sim/sh64/compact/stsl-mach.cgs @V@/sim/testsuite/sim/sh64/compact/mach-stsl.cgs
@V@/sim/testsuite/sim/sh64/compact/stsl-macl.cgs @V@/sim/testsuite/sim/sh64/compact/macl-stsl.cgs
@V@/tcl/cygwin/tclConfig.sh.in @V@/tcl/cygwin/tclConfig.sh-in
@V@/tcl/doc/ExprLongObj.3 @V@/tcl/doc/ExprLObj.3
@V@/tcl/mac/tclMacBOAAppInit.c @V@/tcl/mac/tclBOAAppInit.c
@V@/tcl/mac/tclMacBOAMain.c @V@/tcl/mac/tclBOAMain.c
@V@/tcl/mac/tclMacInit.c @V@/tcl/mac/tclInit.c
@V@/tcl/mac/tclMacInterupt.c @V@/tcl/mac/tclInterupt.c
@V@/tcl/mac/tclMacProjects.sea.hqx @V@/tcl/mac/tclMacProjects.shqx
@V@/tcl/tests/namespace-old.test @V@/tcl/tests/namespace.otest
@V@/tcl/unix/tclConfig.sh.in @V@/tcl/unix/tclConfig.sh-in
@V@/tcl/unix/tclLoadAix.c @V@/tcl/unix/tclLdAix.c
@V@/tcl/unix/tclLoadAout.c @V@/tcl/unix/tclLdAout.c
@V@/tcl/unix/tclLoadDl.c @V@/tcl/unix/tclLdDl.c
@V@/tcl/unix/tclLoadDld.c @V@/tcl/unix/tclLdDld.c
@V@/tcl/unix/tclUnixFCmd.c @V@/tcl/unix/tclFCmd.c
@V@/tcl/unix/tclUnixFile.c @V@/tcl/unix/tclFile.c
@V@/tcl/unix/tclUnixTest.c @V@/tcl/unix/tclTest.c
@V@/tcl/unix/tclUnixTime.c @V@/tcl/unix/tclTime.c
@V@/tk/doc/ConfigWidg.3 @V@/tk/doc/CfgWidg.3
@V@/tk/doc/ConfigWind.3 @V@/tk/doc/CfgWind.3
@V@/tk/library/images/pwrdLogo100.gif @V@/tk/library/images/pwLogo100.gif
@V@/tk/library/images/pwrdLogo150.gif @V@/tk/library/images/pwLogo150.gif
@V@/tk/library/images/pwrdLogo175.gif @V@/tk/library/images/pwLogo175.gif
@V@/tk/library/images/pwrdLogo200.gif @V@/tk/library/images/pwLogo200.gif
@V@/tk/library/images/pwrdLogo75.gif @V@/tk/library/images/pwLogo75.gif
@V@/tk/mac/tkMacMenu.c @V@/tk/mac/tkMenu.c
@V@/tk/mac/tkMacMenubutton.c @V@/tk/mac/tkMenubutton.c
@V@/tk/mac/tkMacMenus.c @V@/tk/mac/tkMenus.c
@V@/tk/tests/option.file1 @V@/tk/tests/option1.file
@V@/tk/tests/option.file2 @V@/tk/tests/option2.file
@V@/tk/unix/tkConfig.sh.in @V@/tk/unix/tkConfig.sh-in
@V@/tk/unix/tkUnixFocus.c @V@/tk/unix/tkFocus.c
@V@/tk/unix/tkUnixFont.c @V@/tk/unix/tkFont.c
@V@/tk/unix/tkUnixMenu.c @V@/tk/unix/tkMenu.c
@V@/tk/unix/tkUnixMenubu.c @V@/tk/unix/tkMenubu.c
@V@/tk/unix/tkUnixScale.c @V@/tk/unix/tkScale.c
@V@/tk/unix/tkUnixScrlbr.c @V@/tk/unix/tkScrlbr.c
@V@/tk/unix/tkUnixSelect.c @V@/tk/unix/tkSelect.c
@V@/tk/unix/tkUnixSend.c @V@/tk/unix/tkSend.c
